[1] "####################################################################################################"
[1] "SUMMARY"
[1] "####################################################################################################"
lavaan 0.7-2 ended normally after 26 iterations

  Estimator                                         ML
  Optimization method                           NLMINB
  Number of model parameters                        15

  Number of observations                           100
  Number of missing patterns                         8

Model Test User Model:
                                                      
  Test statistic                                 2.516
  Degrees of freedom                                 5
  P-value (Chi-square)                           0.774

Model Test Baseline Model:

  Test statistic                               123.277
  Degrees of freedom                                10
  P-value                                        0.000

User Model versus Baseline Model:

  Comparative Fit Index (CFI)                    1.000
  Tucker-Lewis Index (TLI)                       1.044
                                                      
  Robust Comparative Fit Index (CFI)             1.000
  Robust Tucker-Lewis Index (TLI)                1.043

Loglikelihood and Information Criteria:

  Loglikelihood user model (H0)               -778.766
  Loglikelihood unrestricted model (H1)       -777.508
                                                      
  Akaike (AIC)                                1587.532
  Bayesian (BIC)                              1626.610
  Sample-size adjusted Bayesian (SABIC)       1579.236

Root Mean Square Error of Approximation:

  RMSEA                                          0.000
  90 Percent confidence interval - lower         0.000
  90 Percent confidence interval - upper         0.093
  P-value H_0: RMSEA <= 0.050                    0.852
  P-value H_0: RMSEA >= 0.080                    0.075
                                                      
  Robust RMSEA                                   0.000
  90 Percent confidence interval - lower         0.000
  90 Percent confidence interval - upper         0.100
  P-value H_0: Robust RMSEA <= 0.050             0.840
  P-value H_0: Robust RMSEA >= 0.080             0.088

Standardized Root Mean Square Residual:

  SRMR                                           0.021

Goodness of Fit Index:

  Goodness of Fit Index (GFI)                    1.000
  90 Percent confidence interval - lower         0.983
  90 Percent confidence interval - upper         1.000
                                                      
  Robust GFI                                     1.000
  90 Percent confidence interval - lower         0.980
  90 Percent confidence interval - upper         1.000

Parameter Estimates:

  Standard errors                             Standard
  Information                                 Observed
  Observed information based on                Hessian

Latent Variables:
                   Estimate  Std.Err  z-value  P(>|z|)   Std.lv  Std.all
  LATENT =~                                                             
    ITEM1             1.000                               0.905    0.657
    ITEM2             1.021    0.215    4.742    0.000    0.923    0.614
    ITEM3             1.045    0.210    4.980    0.000    0.945    0.645
    ITEM4             1.097    0.208    5.279    0.000    0.993    0.725
    ITEM5             1.084    0.213    5.076    0.000    0.980    0.699

Intercepts:
                   Estimate  Std.Err  z-value  P(>|z|)   Std.lv  Std.all
   .ITEM1            -0.055    0.140   -0.394    0.693   -0.055   -0.040
   .ITEM2            -0.046    0.153   -0.297    0.766   -0.046   -0.030
   .ITEM3            -0.182    0.149   -1.221    0.222   -0.182   -0.124
   .ITEM4            -0.244    0.139   -1.755    0.079   -0.244   -0.178
   .ITEM5            -0.261    0.143   -1.831    0.067   -0.261   -0.186

Variances:
                   Estimate  Std.Err  z-value  P(>|z|)   Std.lv  Std.all
   .ITEM1             1.078    0.197    5.459    0.000    1.078    0.568
   .ITEM2             1.407    0.245    5.740    0.000    1.407    0.623
   .ITEM3             1.255    0.223    5.622    0.000    1.255    0.584
   .ITEM4             0.890    0.180    4.940    0.000    0.890    0.474
   .ITEM5             1.004    0.195    5.139    0.000    1.004    0.511
    LATENT            0.818    0.258    3.170    0.002    1.000    1.000

R-Square:
                   Estimate
    ITEM1             0.432
    ITEM2             0.377
    ITEM3             0.416
    ITEM4             0.526
    ITEM5             0.489

[1] "####################################################################################################"
[1] "R_SQUARED"
[1] "####################################################################################################"
      r_squared
ITEM1    0.4316
ITEM2    0.3774
ITEM3    0.4159
ITEM4    0.5256
ITEM5    0.4891
[1] "####################################################################################################"
[1] "FIT INDICES"
[1] "####################################################################################################"
                                    fit
npar                           15.00000
fmin                            0.01258
chisq                           2.51627
df                              5.00000
pvalue                          0.77404
baseline.chisq                123.27742
baseline.df                    10.00000
baseline.pvalue                 0.00000
cfi                             1.00000
tli                             1.04385
cfi.robust                      1.00000
tli.robust                      1.04294
nnfi                            1.04385
rfi                             0.95918
nfi                             0.97959
pnfi                            0.48979
ifi                             1.02100
rni                             1.02193
nnfi.robust                     1.04294
rni.robust                      1.02147
logl                         -778.76617
unrestricted.logl            -777.50803
aic                          1587.53234
bic                          1626.60989
ntotal                        100.00000
bic2                         1579.23612
rmsea                           0.00000
rmsea.ci.lower                  0.00000
rmsea.ci.upper                  0.09338
rmsea.ci.level                  0.90000
rmsea.pvalue                    0.85211
rmsea.close.h0                  0.05000
rmsea.notclose.pvalue           0.07526
rmsea.notclose.h0               0.08000
rmsea.robust                    0.00000
rmsea.ci.lower.robust           0.00000
rmsea.ci.upper.robust           0.10029
rmsea.pvalue.robust             0.83956
rmsea.notclose.pvalue.robust    0.08842
rmr                             0.04319
rmr_nomean                      0.04986
srmr                            0.02129
srmr_bentler                    0.02129
srmr_bentler_nomean             0.02456
crmr                            0.02450
crmr_nomean                     0.02998
srmr_mplus                      0.02125
srmr_mplus_nomean               0.02452
gfi                             1.00000
gfi.ci.lower                    0.98286
gfi.ci.upper                    1.00000
gfi.ci.level                    0.90000
gfi.robust                      1.00000
gfi.ci.lower.robust             0.98028
gfi.ci.upper.robust             1.00000
cn_05                         440.95642
cn_01                         600.54870
gfi_lisrel                      0.98262
agfi_lisrel                     0.93049
pgfi                            0.24566
mfi                             1.01250
ecvi                            0.32516
[1] "####################################################################################################"
[1] "PARAMETERS"
[1] "####################################################################################################"
      lhs op    rhs exo      est     se       z         pvalue ci.lower ci.upper   std.lv  std.all
1  LATENT =~  ITEM1   0  1.00000 0.0000      NA             NA   1.0000  1.00000  0.90459  0.65696
2  LATENT =~  ITEM2   0  1.02080 0.2153  4.7417 0.000002119027   0.5989  1.44274  0.92341  0.61434
3  LATENT =~  ITEM3   0  1.04522 0.2099  4.9796 0.000000637158   0.6338  1.45662  0.94550  0.64492
4  LATENT =~  ITEM4   0  1.09748 0.2079  5.2790 0.000000129913   0.6900  1.50495  0.99277  0.72495
5  LATENT =~  ITEM5   0  1.08364 0.2135  5.0761 0.000000385257   0.6652  1.50205  0.98025  0.69933
6   ITEM1 ~~  ITEM1   0  1.07769 0.1974  5.4592 0.000000047834   0.6908  1.46461  1.07769  0.56841
7   ITEM2 ~~  ITEM2   0  1.40660 0.2450  5.7404 0.000000009448   0.9263  1.88686  1.40660  0.62259
8   ITEM3 ~~  ITEM3   0  1.25539 0.2233  5.6217 0.000000018906   0.8177  1.69308  1.25539  0.58408
9   ITEM4 ~~  ITEM4   0  0.88975 0.1801  4.9396 0.000000782962   0.5367  1.24279  0.88975  0.47445
10  ITEM5 ~~  ITEM5   0  1.00387 0.1953  5.1391 0.000000276066   0.6210  1.38673  1.00387  0.51094
11 LATENT ~~ LATENT   0  0.81829 0.2581  3.1703 0.001522776030   0.3124  1.32417  1.00000  1.00000
12  ITEM1 ~1          0 -0.05527 0.1402 -0.3943 0.693368377850  -0.3300  0.21947 -0.05527 -0.04014
13  ITEM2 ~1          0 -0.04559 0.1532 -0.2975 0.766092428621  -0.3459  0.25476 -0.04559 -0.03033
14  ITEM3 ~1          0 -0.18227 0.1492 -1.2214 0.221940261910  -0.4748  0.11022 -0.18227 -0.12433
15  ITEM4 ~1          0 -0.24423 0.1392 -1.7545 0.079338519742  -0.5170  0.02859 -0.24423 -0.17834
16  ITEM5 ~1          0 -0.26109 0.1426 -1.8308 0.067135503599  -0.5406  0.01843 -0.26109 -0.18627
17 LATENT ~1          0  0.00000 0.0000      NA             NA   0.0000  0.00000  0.00000  0.00000
18  ITEM1 r2  ITEM1   0  0.43159     NA      NA             NA       NA       NA       NA       NA
19  ITEM2 r2  ITEM2   0  0.37741     NA      NA             NA       NA       NA       NA       NA
20  ITEM3 r2  ITEM3   0  0.41592     NA      NA             NA       NA       NA       NA       NA
21  ITEM4 r2  ITEM4   0  0.52555     NA      NA             NA       NA       NA       NA       NA
22  ITEM5 r2  ITEM5   0  0.48906     NA      NA             NA       NA       NA       NA       NA
[1] "####################################################################################################"
[1] "UNSTANDARDIZED PARAMETERS"
[1] "####################################################################################################"
$lambda
      LATENT
ITEM1  1.000
ITEM2  1.021
ITEM3  1.045
ITEM4  1.097
ITEM5  1.084

$theta
      ITEM1 ITEM2 ITEM3 ITEM4 ITEM5
ITEM1 1.078                        
ITEM2 0.000 1.407                  
ITEM3 0.000 0.000 1.255            
ITEM4 0.000 0.000 0.000 0.890      
ITEM5 0.000 0.000 0.000 0.000 1.004

$psi
       LATENT
LATENT  0.818

$nu
      intrcp
ITEM1 -0.055
ITEM2 -0.046
ITEM3 -0.182
ITEM4 -0.244
ITEM5 -0.261

$alpha
       intrcp
LATENT      0

[1] "####################################################################################################"
[1] "STANDARDIZED PARAMETERS"
[1] "####################################################################################################"
$lambda
      LATENT
ITEM1  0.657
ITEM2  0.614
ITEM3  0.645
ITEM4  0.725
ITEM5  0.699

$theta
      ITEM1 ITEM2 ITEM3 ITEM4 ITEM5
ITEM1 0.568                        
ITEM2 0.000 0.623                  
ITEM3 0.000 0.000 0.584            
ITEM4 0.000 0.000 0.000 0.474      
ITEM5 0.000 0.000 0.000 0.000 0.511

$psi
       LATENT
LATENT      1

$nu
      intrcp
ITEM1 -0.040
ITEM2 -0.030
ITEM3 -0.124
ITEM4 -0.178
ITEM5 -0.186

$alpha
       intrcp
LATENT      0

[1] "####################################################################################################"
[1] "SAMPLE COVARIANCE"
[1] "####################################################################################################"
      X1     X2     X3     X4     X5
1 1.8837 0.8843 0.7668 0.8772 0.7431
2 0.8843 2.2061 0.7537 0.7714 0.8021
3 0.7668 0.7537 2.1320 0.9960 0.8395
4 0.8772 0.7714 0.9960 1.8931 1.0420
5 0.7431 0.8021 0.8395 1.0420 1.9344
[1] "####################################################################################################"
[1] "CALL"
[1] "####################################################################################################"
[1] "lavaan::lavaan(model=model,data=df,missing=\"ML\",model.type=\"cfa\"," "cmd=\"cfa\",int.ov.free=TRUE,int.lv.free=FALSE,auto.fix.first=TRUE,"  
[3] "auto.fix.single=TRUE,auto.var=TRUE,auto.cov.lv.x=TRUE,"                "auto.cov.y=TRUE,auto.th=TRUE,auto.delta=TRUE,auto.efa=TRUE)"          
[1] "lavaan::lavaan(model=model,data=df,missing=\"ML\",model.type=\"cfa\"," "cmd=\"cfa\",int.ov.free=TRUE,int.lv.free=FALSE,auto.fix.first=TRUE,"  
[3] "auto.fix.single=TRUE,auto.var=TRUE,auto.cov.lv.x=TRUE,"                "auto.cov.y=TRUE,auto.th=TRUE,auto.delta=TRUE,auto.efa=TRUE)"          
