[1] "####################################################################################################"
[1] "Model Summary"
[1] "####################################################################################################"

Call:
glm(formula = case ~ education + stratum, family = binomial, 
    data = infert)

Coefficients:
             Estimate Std. Error z value Pr(>|z|)
(Intercept) -0.703742   0.429517   -1.64     0.10
education1   0.009366   0.536879    0.02     0.99
education2  -0.001451   0.259879   -0.01     1.00
stratum      0.000491   0.012090    0.04     0.97

(Dispersion parameter for binomial family taken to be 1)

    Null deviance: 316.17  on 247  degrees of freedom
Residual deviance: 316.17  on 244  degrees of freedom
AIC: 324.2

Number of Fisher Scoring iterations: 4

[1] "####################################################################################################"
[1] "Summary"
[1] "####################################################################################################"
    AIC df.residual df.null deviance null.deviance    epsilon           tol qr.rank rank maxit iteration  method converged boundary trace
1 324.2         244     247    316.2         316.2 0.00000001 0.00000000001       4    4    25         4 glm.fit      TRUE    FALSE FALSE
[1] "####################################################################################################"
[1] "Confusion Matrix"
[1] "####################################################################################################"
       0     1   sum    p
0   0.00  1.00  1.00 0.00
1   0.00  9.00  9.00 1.00
sum 0.00 10.00 10.00 1.00
p   0.00  0.90  1.00 0.90
[1] "####################################################################################################"
[1] "Confusion Matrix Performance"
[1] "####################################################################################################"
  cut_point Overall Collumn_Observed.1 Collumn_Observed.2 Row_Predicted.1 Row_Predicted.2 Mean_proportion
1   -0.7027     0.9                  0                  1               0             0.9           0.475
2   -0.6927     0.1                  0                  1               0             0.1           0.275
[1] "####################################################################################################"
[1] "Confusion Matrix Best Cut"
[1] "####################################################################################################"
[1] -0.7027
[1] "####################################################################################################"
[1] "Pseudo R^2"
[1] "####################################################################################################"
                     Test  Statistic                                        Notes
1 Hosmer and Lemeshow R^2 0.00001247                                             
2       Cox and Snell R^2 0.00001589 Cox and Snell R^2 never reaches maximum of 1
3          Nagelkerke R^2 0.00002206                                             
[1] "####################################################################################################"
[1] "X^2"
[1] "####################################################################################################"
  Chi.Squared df      p         R2                                                                                  Note
1    0.003942  3 0.9999 0.00001247 Significance indicates that the model is better than chance at predicting the outcome
[1] "####################################################################################################"
[1] "Variance Inflation Factor"
[1] "####################################################################################################"
          VIF.GVIF VIF.Df VIF.GVIF..1..2.Df..
education    4.619      2               1.466
stratum      4.619      1               2.149
[1] "####################################################################################################"
[1] "Outlier Descriptives"
[1] "####################################################################################################"
[1] "Problematic values for standardized residuals > +-1.96"                                                                             
[2] "Problematic values for dfbeta >= 1"                                                                                                 
[3] "Problematic values for Hat values (leverage) 2 or 3 times the average (k+1/n) where k=number of predictors n=number of participants"
[1] "##################################################"
                 variable   n            mean         sd       median       trimmed        mad       min       max     range      skew kurtosis         se       IQR       Q0.1      Q0.25         Q0.5
1           variable.case 248  0.334677419355  0.4728318  0.000000000  0.2950000000  0.0000000  0.000000  1.000000  1.000000  0.696467  -1.5210 0.03002485  1.000000  0.0000000  0.0000000  0.000000000
2        variable.stratum 248 41.870967741935 23.9684231 42.000000000 41.8400000000 31.1346000  1.000000 83.000000 82.000000  0.006490  -1.2090 1.52199639 41.250000  9.0000000 21.0000000 42.000000000
3                 weights 248  0.222664983100  0.0006230  0.222669891  0.2226606149  0.0006912  0.221509  0.223854  0.002345  0.066080  -0.8713 0.00003956  0.000908  0.2218021  0.2222037  0.222669891
4           prior_weights 248  1.000000000000  0.0000000  1.000000000  1.0000000000  0.0000000  1.000000  1.000000  0.000000       NaN      NaN 0.00000000  0.000000  1.0000000  1.0000000  1.000000000
5       linear_predictors 248 -0.687116662022  0.0084650 -0.687086269 -0.6871920989  0.0093581 -0.702735 -0.670870  0.031866  0.080699  -0.8695 0.00053753  0.012332 -0.6988038 -0.6933983 -0.687086269
6                 effects 248 -0.057472687088  1.0518045 -0.697367749 -0.1487810715  0.1765630 -1.157050  5.105842  6.262892  1.049336   0.5912 0.06678966  2.091195 -0.8391886 -0.7875974 -0.697367749
7                  fitted 248  0.334677419355  0.0018851  0.334681560  0.3346594562  0.0020816  0.331206  0.338302  0.007096  0.085450  -0.8689 0.00011970  0.002746  0.3320775  0.3332775  0.334681560
8               residuals 248  0.000000100813  2.1235046 -1.499874480 -0.1798095834  0.0092881 -1.511264  3.019268  4.530532  0.696525  -1.5208 0.13484268  4.479776 -1.5080830 -1.5042772 -1.499874480
9  standardized_residuals 248 -0.000001235774  1.0103367 -0.710585911 -0.0851094486  0.0083524 -0.738859  1.477685  2.216544  0.696595  -1.5204 0.06415645  2.127445 -0.7181754 -0.7149741 -0.710585911
10      student_residuals 248 -0.000001235774  1.0103367 -0.710585911 -0.0851094486  0.0083524 -0.738859  1.477685  2.216544  0.696595  -1.5204 0.06415645  2.127445 -0.7181754 -0.7149741 -0.710585911
11     dfbeta.(Intercept) 248  0.000000249854  0.0282421 -0.002383486 -0.0021211339  0.0276679 -0.050093  0.095773  0.145866  0.735265   0.6569 0.00179338  0.037197 -0.0319564 -0.0209256 -0.002383486
12      dfbeta.education1 248 -0.000000228010  0.0362092  0.001311687  0.0007035407  0.0254673 -0.093182  0.186227  0.279409  1.401082   9.0179 0.00229929  0.034176 -0.0390714 -0.0159805  0.001311687
13      dfbeta.education2 248 -0.000000035626  0.0175558 -0.000399336 -0.0003642187  0.0118996 -0.091861  0.045897  0.137758 -1.561993  10.4094 0.00111479  0.016041 -0.0129792 -0.0085518 -0.000399336
14         dfbeta.stratum 248 -0.000000008753  0.0007817  0.000001588  0.0000005632  0.0008296 -0.001949  0.001932  0.003881 -0.009638  -0.1910 0.00004964  0.001105 -0.0009286 -0.0005567  0.000001588
15                 dffits 248 -0.000008209283  0.1315553 -0.068986301 -0.0112053303  0.0341393 -0.222911  0.445692  0.668603  0.921991   0.2707 0.00835377  0.223062 -0.0981201 -0.0852922 -0.068986301
16              hatvalues 248  0.016129032258  0.0156391  0.011919965  0.0127475729  0.0044489  0.008341  0.083427  0.075085  3.808440  13.5570 0.00099309  0.006839  0.0086593  0.0093165  0.011919965
        Q0.75       Q0.9
1   1.0000000  1.0000000
2  62.2500000 75.0000000
3   0.2231117  0.2235687
4   1.0000000  1.0000000
5  -0.6810664 -0.6748008
6   1.3035979  1.4110790
7   0.3360233  0.3374227
8   2.9754984  2.9985296
9   1.4124712  1.4218615
10  1.4124712  1.4218615
11  0.0162713  0.0357736
12  0.0181953  0.0283541
13  0.0074895  0.0183858
14  0.0005482  0.0009201
15  0.1377697  0.1766075
16  0.0161558  0.0194824
[1] "####################################################################################################"
[1] "Call"
[1] "####################################################################################################"
                                                              call
1 glm(formula=case~education+stratum,family=binomial,,data=infert)
                                                              call
1 glm(formula=case~education+stratum,family=binomial,,data=infert)
