[1] "####################################################################################################"
[1] "Model Summary"
[1] "####################################################################################################"

Call:
glm(formula = case ~ stratum, family = binomial, data = infert)

Coefficients:
             Estimate Std. Error z value Pr(>|z|)   
(Intercept) -0.701308   0.271601   -2.58   0.0098 **
stratum      0.000339   0.005626    0.06   0.9520   
---
Signif. codes:  0 ‘***’ 0.001 ‘**’ 0.01 ‘*’ 0.05 ‘.’ 0.1 ‘ ’ 1

(Dispersion parameter for binomial family taken to be 1)

    Null deviance: 316.17  on 247  degrees of freedom
Residual deviance: 316.17  on 246  degrees of freedom
AIC: 320.2

Number of Fisher Scoring iterations: 4

[1] "####################################################################################################"
[1] "Summary"
[1] "####################################################################################################"
    AIC df.residual df.null deviance null.deviance    epsilon           tol qr.rank rank maxit iteration  method converged boundary trace
1 320.2         246     247    316.2         316.2 0.00000001 0.00000000001       2    2    25         4 glm.fit      TRUE    FALSE FALSE
[1] "####################################################################################################"
[1] "Confusion Matrix"
[1] "####################################################################################################"
         0     1    sum    p
0   120.00 60.00 180.00 0.67
1    45.00 23.00  68.00 0.34
sum 165.00 83.00 248.00 1.00
p     0.73  0.28   1.00 0.58
[1] "####################################################################################################"
[1] "Confusion Matrix Performance"
[1] "####################################################################################################"
  cut_point Overall Collumn_Observed.1 Collumn_Observed.2 Row_Predicted.1 Row_Predicted.2 Mean_proportion
1    -0.701    0.34               0.67               0.33            0.01            0.99          0.5000
2    -0.691    0.46               0.67               0.34            0.36            0.64          0.5025
3    -0.681    0.58               0.67               0.34            0.73            0.28          0.5050
[1] "####################################################################################################"
[1] "Confusion Matrix Best Cut"
[1] "####################################################################################################"
[1] -0.681
[1] "####################################################################################################"
[1] "Pseudo R^2"
[1] "####################################################################################################"
                     Test  Statistic                                        Notes
1 Hosmer and Lemeshow R^2 0.00001148                                             
2       Cox and Snell R^2 0.00001464 Cox and Snell R^2 never reaches maximum of 1
3          Nagelkerke R^2 0.00002031                                             
[1] "####################################################################################################"
[1] "X^2"
[1] "####################################################################################################"
  Chi.Squared df     p         R2                                                                                  Note
1     0.00363  1 0.952 0.00001148 Significance indicates that the model is better than chance at predicting the outcome
[1] "####################################################################################################"
[1] "Variance Inflation Factor"
[1] "####################################################################################################"
data frame with 0 columns and 0 rows
[1] "####################################################################################################"
[1] "Outlier Descriptives"
[1] "####################################################################################################"
[1] "Problematic values for standardized residuals > +-1.96"                                                                             
[2] "Problematic values for dfbeta >= 1"                                                                                                 
[3] "Problematic values for Hat values (leverage) 2 or 3 times the average (k+1/n) where k=number of predictors n=number of participants"
[1] "##################################################"
                 variable   n              mean         sd       median       trimmed        mad        min        max     range      skew kurtosis         se       IQR       Q0.1      Q0.25
1           variable.case 248  0.33467741935484  0.4728318  0.000000000  0.2950000000  0.0000000  0.0000000  1.0000000  1.000000  0.696467  -1.5210 0.03002485  1.000000  0.0000000  0.0000000
2        variable.stratum 248 41.87096774193548 23.9684231 42.000000000 41.8400000000 31.1346000  1.0000000 83.0000000 82.000000  0.006490  -1.2090 1.52199639 41.250000  9.0000000 21.0000000
3                 weights 248  0.22266526301772  0.0005981  0.222670942  0.2226653561  0.0007741  0.2216406  0.2236868  0.002046 -0.003406  -1.2092 0.00003798  0.001029  0.2218428  0.2221450
4           prior_weights 248  1.00000000000000  0.0000000  1.000000000  1.0000000000  0.0000000  1.0000000  1.0000000  0.000000       NaN      NaN 0.00000000  0.000000  1.0000000  1.0000000
5       linear_predictors 248 -0.68711573366127  0.0081242 -0.687071997 -0.6871262303  0.0105532 -0.7009692 -0.6731748  0.027794  0.006490  -1.2090 0.00051589  0.013982 -0.6982575 -0.6941901
6                 effects 248 -0.06597431662435  1.0513031 -0.722366106 -0.1634683313  0.1906790 -0.9127460  5.1058521  6.018598  1.039946   0.5669 0.06675781  2.092146 -0.8757016 -0.8177191
7                  fitted 248  0.33467741935488  0.0018090  0.334684738  0.3346742302  0.0023471  0.3315974  0.3377863  0.006189  0.009709  -1.2089 0.00011487  0.003113  0.3321987  0.3331016
8               residuals 248  0.00000008737137  2.1235026 -1.499478832 -0.1798503247  0.0104904 -1.5100866  3.0157053  4.525792  0.696521  -1.5208 0.13484255  4.478709 -1.5078955 -1.5047548
9  standardized_residuals 248  0.00000463010175  1.0060972 -0.709492614 -0.0847424582  0.0070409 -0.7199827  1.4310832  2.151066  0.696488  -1.5209 0.06388724  2.122656 -0.7161622 -0.7121550
10      student_residuals 248  0.00000463010175  1.0060972 -0.709492614 -0.0847424582  0.0070409 -0.7199827  1.4310832  2.151066  0.696488  -1.5209 0.06388724  2.122656 -0.7161622 -0.7121550
11     dfbeta.(Intercept) 248  0.00000008128781  0.0174755 -0.002494027 -0.0019292450  0.0165570 -0.0244921  0.0491946  0.073687  0.881576   0.2871 0.00110969  0.022408 -0.0200858 -0.0136137
12         dfbeta.stratum 248 -0.00000000005192  0.0003624  0.000000341  0.0000003489  0.0003922 -0.0008798  0.0008747  0.001755 -0.011355  -0.3161 0.00002301  0.000526 -0.0004271 -0.0002611
13                 dffits 248  0.00005397547788  0.0909030 -0.049207206 -0.0090405748  0.0375470 -0.0917778  0.1811383  0.272916  0.749187  -1.2134 0.00577235  0.164515 -0.0815939 -0.0666249
14              hatvalues 248  0.00806451612903  0.0036264  0.007104302  0.0077071339  0.0039025  0.0040324  0.0159893  0.011957  0.643990  -0.8646 0.00023028  0.006020  0.0041507  0.0047516
           Q0.5      Q0.75       Q0.9
1   0.000000000  1.0000000  1.0000000
2  42.000000000 62.2500000 75.0000000
3   0.222670942  0.2231745  0.2234897
4   1.000000000  1.0000000  1.0000000
5  -0.687071997 -0.6802082 -0.6758865
6  -0.722366106  1.2744269  1.3848326
7   0.334684738  0.3362148  0.3371800
8  -1.499478832  2.9739541  2.9988999
9  -0.709492614  1.4105014  1.4180001
10 -0.709492614  1.4105014  1.4180001
11 -0.002494027  0.0087947  0.0265895
12  0.000000341  0.0002649  0.0004248
13 -0.049207206  0.0978902  0.1420114
14  0.007104302  0.0107720  0.0137708
[1] "####################################################################################################"
[1] "Call"
[1] "####################################################################################################"
                                                   call
1 glm(formula=case~stratum,family=binomial,data=infert)
                                                   call
1 glm(formula=case~stratum,family=binomial,data=infert)
