[1] "########################################"
[1] "Model Summary"
[1] "########################################"

Call:
glm(formula = case ~ education, family = binomial, data = infert)

Coefficients:
            Estimate Std. Error z value Pr(>|z|)   
(Intercept)  -0.6888     0.2239   -3.08   0.0021 **
education1   -0.0043     0.4185   -0.01   0.9918   
education2   -0.0043     0.2502   -0.02   0.9863   
---
Signif. codes:  0 ‘***’ 0.001 ‘**’ 0.01 ‘*’ 0.05 ‘.’ 0.1 ‘ ’ 1

(Dispersion parameter for binomial family taken to be 1)

    Null deviance: 316.17  on 247  degrees of freedom
Residual deviance: 316.17  on 245  degrees of freedom
AIC: 322.2

Number of Fisher Scoring iterations: 4

[1] "########################################"
[1] "Summary"
[1] "########################################"
    AIC df.residual df.null deviance null.deviance    epsilon           tol
1 322.2         245     247    316.2         316.2 0.00000001 0.00000000001
  qr.rank rank maxit iteration  method converged boundary trace
1       3    3    25         4 glm.fit      TRUE    FALSE FALSE
[1] "########################################"
[1] "Confusion Matrix"
[1] "########################################"
         0     1    sum    p
0    88.00 44.00 132.00 0.67
1    77.00 39.00 116.00 0.34
sum 165.00 83.00 248.00 1.00
p     0.53  0.47   1.00 0.51
[1] "########################################"
[1] "Confusion Matrix Performance"
[1] "########################################"
  cut_point Overall Collumn_Observed.1 Collumn_Observed.2 Row_Predicted.1
1   -0.6931    0.50               0.67               0.34            0.48
2   -0.6831    0.51               0.67               0.34            0.53
  Row_Predicted.2 Mean_proportion
1            0.52          0.5025
2            0.47          0.5025
[1] "########################################"
[1] "Confusion Matrix Best Cut"
[1] "########################################"
[1] -0.6931 -0.6831
[1] "########################################"
[1] "Pseudo R^2"
[1] "########################################"
                     Test   Statistic
1 Hosmer and Lemeshow R^2 0.000007241
2       Cox and Snell R^2 0.000009231
3          Nagelkerke R^2 0.000012812
                                         Notes
1                                             
2 Cox and Snell R^2 never reaches maximum of 1
3                                             
[1] "########################################"
[1] "X^2"
[1] "########################################"
  Chi.Squared df      p          R2
1    0.002289  2 0.9989 0.000007241
                                                                                   Note
1 Significance indicates that the model is better than chance at predicting the outcome
[1] "########################################"
[1] "Variance Inflation Factor"
[1] "########################################"
data frame with 0 columns and 0 rows
[1] "########################################"
[1] "Outlier Descriptives"
[1] "########################################"
[1] "Problematic values for standardized residuals > +-1.96"                                                                             
[2] "Problematic values for dfbeta >= 1"                                                                                                 
[3] "Problematic values for Hat values (leverage) 2 or 3 times the average (k+1/n) where k=number of predictors n=number of participants"
[1] "####################"
                 variable   n                    mean        sd    median
1           variable.case 248  0.33467741935483868998 0.4728318  0.000000
2                 weights 248  0.22266646654342803213 0.0004748  0.222222
3           prior_weights 248  1.00000000000000000000 0.0000000  1.000000
4       linear_predictors 248 -0.68711171700747974977 0.0064513 -0.693147
5                 effects 248 -0.05289798836848470798 1.0520434 -0.735742
6                  fitted 248  0.33467741935488015681 0.0014367  0.333333
7               residuals 248 -0.00000000000018620813 2.1234939 -1.500000
8  standardized_residuals 248 -0.00000000000008834091 1.0082815 -0.710072
9       student_residuals 248 -0.00000000000008834091 1.0082815 -0.710072
10     dfbeta.(Intercept) 248 -0.00000000000000079857 0.0153489 -0.004202
11      dfbeta.education1 248 -0.00000000000000009282 0.0289458  0.004202
12      dfbeta.education2 248 -0.00000000000000002458 0.0169426  0.004367
13                 dffits 248 -0.00000000000000917166 0.1142557 -0.065092
14              hatvalues 248  0.01209677419354838676 0.0160965  0.008621
      trimmed                   mad       min      max     range    skew
1   0.2950000 0.0000000000000000000  0.000000  1.00000 1.0000000  0.6965
2   0.2226591 0.0000000000000002469  0.222222  0.22317 0.0009496  0.1285
3   1.0000000 0.0000000000000000000  1.000000  1.00000 0.0000000     NaN
4  -0.6872116 0.0000000000000011522 -0.693147 -0.68024 0.0129034  0.1285
5  -0.1426134 0.0470972692361399312 -1.148272  5.10590 6.2541679  1.0406
6   0.3346552 0.0000000000000002469  0.333333  0.33621 0.0028736  0.1285
7  -0.1792208 0.0096272727272484517 -1.506494  3.00000 4.5064935  0.6965
8  -0.0848326 0.0069675501467795211 -0.738549  1.47710 2.2156468  0.6966
9  -0.0848326 0.0069675501467795211 -0.738549  1.47710 2.2156468  0.6966
10 -0.0005128 0.0002445803301557215 -0.045455  0.09091 0.1363636  2.5539
11  0.0002530 0.0002445803301557267 -0.090909  0.18182 0.2727273  2.9919
12 -0.0004824 0.0189328156242746203 -0.090909  0.04545 0.1363636 -1.7661
13 -0.0078274 0.0023137388488821773 -0.222681  0.44536 0.6680428  1.0740
14  0.0084828 0.0004260344827586207  0.008333  0.08333 0.0750000  4.1833
   kurtosis         se       IQR      Q0.1     Q0.25      Q0.5     Q0.75
1    -1.521 0.03002485 1.0000000  0.000000  0.000000  0.000000  1.000000
2    -1.991 0.00003015 0.0009496  0.222222  0.222222  0.222222  0.223172
3       NaN 0.00000000 0.0000000  1.000000  1.000000  1.000000  1.000000
4    -1.991 0.00040966 0.0129034 -0.693147 -0.693147 -0.693147 -0.680244
5     0.555 0.06680482 2.1213200 -0.767508 -0.767508 -0.735742  1.353812
6    -1.991 0.00009123 0.0028736  0.333333  0.333333  0.333333  0.336207
7    -1.521 0.13484200 4.4808525 -1.506494 -1.506494 -1.500000  2.974359
8    -1.520 0.06402594 2.1259860 -0.714771 -0.714771 -0.710072  1.411215
9    -1.520 0.06402594 2.1259860 -0.714771 -0.714771 -0.710072  1.411215
10   19.363 0.00097466 0.0127700 -0.004367 -0.004367 -0.004202  0.008403
11   25.249 0.00183806 0.0127700 -0.008621 -0.008403  0.004202  0.004367
12   12.228 0.00107586 0.0127700 -0.008621 -0.008403  0.004367  0.004367
13    1.807 0.00725524 0.1968371 -0.066653 -0.066653 -0.065092  0.130184
14   15.564 0.00102213 0.0002874  0.008333  0.008333  0.008621  0.008621
        Q0.9
1   1.000000
2   0.223172
3   1.000000
4  -0.680244
5   1.381060
6   0.336207
7   3.000000
8   1.420143
9   1.420143
10  0.008621
11  0.004367
12  0.016807
13  0.131596
14  0.008621
[1] "########################################"
[1] "Call"
[1] "########################################"
                                                     call
1 glm(formula=case~education,family=binomial,data=infert)
                                                     call
1 glm(formula=case~education,family=binomial,data=infert)
